// Jest Snapshot v1, https://goo.gl/fbAQLP

exports[`test render EditExpensePage 1`] = `
<div>
  <h1>
    Edit expense
  </h1>
  <ExpenseForm
    expense={
      Object {
        "amount": 3,
        "createdAt": 345600000,
        "description": "desc3",
        "id": "3",
        "note": "",
      }
    }
    isAddOrEdit="Edit"
    onSubmit={[Function]}
  />
  <button
    onClick={[Function]}
  >
    Remove
  </button>
</div>
`;
